// Jest Snapshot v1, https://goo.gl/fbAQLP

exports[`Missions tests Is Mission Page Render 1`] = `
Object {
  "asFragment": [Function],
  "baseElement": <body>
    <div>
      <section
        class="flex justify-center items-center w-80vw my-5vh mx-auto"
      >
        <table
          class="border-collapse rounded text-base w-full table-auto border"
        >
          <thead>
            <tr>
              <th
                class="text-lg text-center border p-3"
              >
                Mission
              </th>
              <th
                class="text-lg text-center border p-3"
              >
                Description
              </th>
              <th
                class="text-lg text-center border p-3"
                colspan="2"
              >
                Status
              </th>
            </tr>
          </thead>
          <tbody>
            <tr>
              <td
                class="border p-3"
              >
                Thaicom
              </td>
              <td
                class="border p-3"
              >
                Thaicom is the name of a series of communications satellites operated from Thailand, and also the name of Thaicom Public Company Limited, which is the company that owns and operates the Thaicom satellite fleet and other telecommunication businesses in Thailand and throughout the Asia-Pacific region. The satellite projects were named Thaicom by the King of Thailand, His Majesty the King Bhumibol Adulyadej, as a symbol of the linkage between Thailand and modern communications technology.
              </td>
              <td
                class="border p-3"
              >
                <span
                  class="bg-gray-400 border-0 rounded text-white px-3 py-2 text-base block"
                >
                  Not a member
                </span>
              </td>
              <td
                class="border p-3"
              >
                <button
                  class="bg-sky-500 border-0 rounded text-white cursor-pointer px-3 py-2 text-base"
                  type="button"
                >
                  Join Mission
                </button>
              </td>
            </tr>
          </tbody>
        </table>
      </section>
    </div>
  </body>,
  "container": <div>
    <section
      class="flex justify-center items-center w-80vw my-5vh mx-auto"
    >
      <table
        class="border-collapse rounded text-base w-full table-auto border"
      >
        <thead>
          <tr>
            <th
              class="text-lg text-center border p-3"
            >
              Mission
            </th>
            <th
              class="text-lg text-center border p-3"
            >
              Description
            </th>
            <th
              class="text-lg text-center border p-3"
              colspan="2"
            >
              Status
            </th>
          </tr>
        </thead>
        <tbody>
          <tr>
            <td
              class="border p-3"
            >
              Thaicom
            </td>
            <td
              class="border p-3"
            >
              Thaicom is the name of a series of communications satellites operated from Thailand, and also the name of Thaicom Public Company Limited, which is the company that owns and operates the Thaicom satellite fleet and other telecommunication businesses in Thailand and throughout the Asia-Pacific region. The satellite projects were named Thaicom by the King of Thailand, His Majesty the King Bhumibol Adulyadej, as a symbol of the linkage between Thailand and modern communications technology.
            </td>
            <td
              class="border p-3"
            >
              <span
                class="bg-gray-400 border-0 rounded text-white px-3 py-2 text-base block"
              >
                Not a member
              </span>
            </td>
            <td
              class="border p-3"
            >
              <button
                class="bg-sky-500 border-0 rounded text-white cursor-pointer px-3 py-2 text-base"
                type="button"
              >
                Join Mission
              </button>
            </td>
          </tr>
        </tbody>
      </table>
    </section>
  </div>,
  "debug": [Function],
  "findAllByAltText": [Function],
  "findAllByDisplayValue": [Function],
  "findAllByLabelText": [Function],
  "findAllByPlaceholderText": [Function],
  "findAllByRole": [Function],
  "findAllByTestId": [Function],
  "findAllByText": [Function],
  "findAllByTitle": [Function],
  "findByAltText": [Function],
  "findByDisplayValue": [Function],
  "findByLabelText": [Function],
  "findByPlaceholderText": [Function],
  "findByRole": [Function],
  "findByTestId": [Function],
  "findByText": [Function],
  "findByTitle": [Function],
  "getAllByAltText": [Function],
  "getAllByDisplayValue": [Function],
  "getAllByLabelText": [Function],
  "getAllByPlaceholderText": [Function],
  "getAllByRole": [Function],
  "getAllByTestId": [Function],
  "getAllByText": [Function],
  "getAllByTitle": [Function],
  "getByAltText": [Function],
  "getByDisplayValue": [Function],
  "getByLabelText": [Function],
  "getByPlaceholderText": [Function],
  "getByRole": [Function],
  "getByTestId": [Function],
  "getByText": [Function],
  "getByTitle": [Function],
  "queryAllByAltText": [Function],
  "queryAllByDisplayValue": [Function],
  "queryAllByLabelText": [Function],
  "queryAllByPlaceholderText": [Function],
  "queryAllByRole": [Function],
  "queryAllByTestId": [Function],
  "queryAllByText": [Function],
  "queryAllByTitle": [Function],
  "queryByAltText": [Function],
  "queryByDisplayValue": [Function],
  "queryByLabelText": [Function],
  "queryByPlaceholderText": [Function],
  "queryByRole": [Function],
  "queryByTestId": [Function],
  "queryByText": [Function],
  "queryByTitle": [Function],
  "rerender": [Function],
  "unmount": [Function],
}
`;
